Load time: 106.513
[0.005,0.001,0.002],
[0.019,0.002,0.002],
[0.087,0.026,0.030],
[0.083,0.040,0.042],
[0.515,0.447,0.487],
[0.792,0.698,0.606],
[0.040,0.018,0.024],
[0.498,0.015,0.028],
[1.099,1.001,0.850],
[1.263,1.010,1.046],
[0.237,0.159,0.237],
[0.369,0.273,0.260],
[1.163,0.998,1.174],
[1.724,1.635,1.374],
[1.512,1.160,0.908],
[0.737,0.651,0.713],
[2.173,2.459,2.451],
[0.835,0.840,0.942],
[3.662,4.654,4.237],
[0.065,0.005,0.013],
[3.274,0.942,1.021],
[2.254,0.155,0.221],
[2.642,1.111,1.275],
[0.407,0.052,0.047],
[0.111,0.040,0.017],
[0.509,0.429,0.539],
[0.166,0.013,0.016],
[0.354,0.469,0.328],
[26.093,40.610,29.123],
[0.088,0.045,0.047],
[0.809,0.635,0.656],
[1.197,0.526,0.644],
[3.381,2.901,3.255],
[4.556,3.471,3.399],
[7.303,4.855,4.947],
[0.383,0.535,0.515],
[0.099,0.070,0.058],
[0.067,0.035,0.036],
[0.079,0.029,0.029],
[0.212,0.096,0.075],
[0.055,0.014,0.018],
[0.048,0.015,0.017],
[0.058,0.011,0.020],
Data size: 10265904126
Concurrent QPS: 0.928
Concurrent error ratio: 0.025
wall_seconds 2075
