Load time: 236.247
[0.009,0.002,0.003],
[0.033,0.001,0.002],
[0.073,0.044,0.050],
[0.081,0.046,0.049],
[0.365,0.344,0.407],
[0.591,0.490,0.501],
[0.044,0.019,0.015],
[0.082,0.020,0.024],
[0.460,0.487,0.444],
[1.108,0.792,0.699],
[0.195,0.127,0.136],
[0.287,0.231,0.198],
[0.622,0.607,0.575],
[1.163,1.093,1.047],
[0.959,0.918,0.947],
[0.576,0.747,0.847],
[2.146,1.418,1.428],
[0.628,0.716,0.676],
[2.951,2.646,2.582],
[0.076,0.003,0.005],
[1.726,0.740,0.749],
[1.908,0.123,0.158],
[3.436,0.870,0.841],
[0.776,0.090,0.066],
[0.291,0.038,0.026],
[0.479,0.640,0.839],
[0.282,0.027,0.024],
[0.568,0.447,0.598],
[26.611,37.944,33.094],
[0.065,0.059,0.069],
[0.430,0.488,0.478],
[0.749,0.502,0.562],
[3.831,4.000,4.107],
[5.716,3.462,4.434],
[4.306,2.959,3.120],
[0.380,0.315,0.351],
[0.122,0.072,0.085],
[0.111,0.024,0.035],
[0.070,0.033,0.025],
[0.186,0.073,0.133],
[0.093,0.015,0.021],
[0.060,0.012,0.015],
[0.065,0.017,0.016],
Data size: 10176765758
Concurrent QPS: 0.650
Concurrent error ratio: 0.015
wall_seconds 2179
